apiVersion: v1
kind: Namespace
metadata:
  annotations: {}
  labels:
    name: syn-system-upgrade-controller
  name: syn-system-upgrade-controller
