apiVersion: v1
kind: Namespace
metadata:
  annotations:
    argocd.argoproj.io/sync-options: Prune=false
  labels:
    name: cattle-system
  name: cattle-system
