apiVersion: v1
kind: ServiceAccount
metadata:
  annotations: {}
  labels:
    name: system-upgrade
  name: system-upgrade
  namespace: cattle-system
