apiVersion: v1
data:
  SYSTEM_UPGRADE_CONTROLLER_DEBUG: 'false'
  SYSTEM_UPGRADE_CONTROLLER_THREADS: '2'
  SYSTEM_UPGRADE_JOB_ACTIVE_DEADLINE_SECONDS: '900'
  SYSTEM_UPGRADE_JOB_BACKOFF_LIMIT: '3'
  SYSTEM_UPGRADE_JOB_IMAGE_PULL_POLICY: Always
  SYSTEM_UPGRADE_JOB_KUBECTL_IMAGE: rancher/kubectl:v1.17.0
  SYSTEM_UPGRADE_JOB_PRIVILEGED: 'true'
  SYSTEM_UPGRADE_JOB_TTL_SECONDS_AFTER_FINISH: '900'
  SYSTEM_UPGRADE_PLAN_POLLING_INTERVAL: 15m
kind: ConfigMap
metadata:
  annotations: {}
  labels:
    name: default-controller-env
  name: default-controller-env
  namespace: cattle-system
